// Jest Snapshot v1, https://goo.gl/fbAQLP

exports[`Button renders correctly 1`] = `
<button
  className="sc-bdnxRM fyYqIm button_0"
  name="0"
  onClick={[Function]}
  type="button"
>
  <h3>
    0
  </h3>
</button>
`;
