// Jest Snapshot v1, https://goo.gl/fbAQLP

exports[`Home renders correctly 1`] = `
<div
  className="quote"
>
  <h2>
    Mathematics is not about numbers, equations, computations, or algorithms: it is about understanding. â€“William Paul ThurstonHomeCalculatorQuote
  </h2>
</div>
`;
